S!ENTRY: magic=0x2BAD0053 addr=0x00010000
ENTRY_RAW_ADDR=0x00010000
INTERRUPTS OK
MEMORY OK
PAGING OK
LFB RAW TEST: trying 0x00300000
S!ENTRY: magic=0x2BAD0053 addr=0x00010000
ENTRY_RAW_ADDR=0x00010000
INTERRUPTS OK
MEMORY OK
PAGING OK
LFB RAW TEST: trying 0x00300000
S!ENTRY: magic=0x2BAD0053 addr=0x00010000
ENTRY_RAW_ADDR=0x00010000
INTERRUPTS OK
MEMORY OK
PAGING OK
LFB RAW TEST: trying 0x00300000
S!ENTRY: magic=0x2BAD0053 addr=0x00010000
ENTRY_RAW_ADDR=0x00010000
INTERRUPTS OK
MEMORY OK
PAGING OK
LFB RAW TEST: trying 0x00300000
S!ENTRY: magic=0x2BAD0053 addr=0x00010000
ENTRY_RAW_ADDR=0x00010000
INTERRUPTS OK
MEMORY OK
PAGING OK
LFB RAW TEST: trying 0x00300000
S!ENTRY: magic=0x2BAD0053 addr=0x00010000
ENTRY_RAW_ADDR=0x00010000
INTERRUPTS OK
MEMORY OK
PAGING OK
LFB RAW TEST: trying 0x00300000
S!ENTRY: magic=0x2BAD0053 addr=0x00010000
ENTRY_RAW_ADDR=0x00010000
INTERRUPTS OK
MEMORY OK
PAGING OK
LFB RAW TEST: trying 0x00300000
S!ENTRY: magic=0x2BAD0053 addr=0x00010000
ENTRY_RAW_ADDR=0x00010000
INTERRUPTS OK
MEMORY OK
PAGING OK
LFB RAW TEST: trying 0x00300000
S!ENTRY: magic=0x2BAD0053 addr=0x00010000
ENTRY_RAW_ADDR=0x00010000
INTERRUPTS OK
MEMORY OK
PAGING OK
LFB RAW TEST: trying 0x00300000
S!ENTRY: magic=0x2BAD0053 addr=0x00010000
ENTRY_RAW_ADDR=0x00010000
INTERRUPTS OK
MEMORY OK
PAGING OK
LFB RAW TEST: trying 0x00300000
S!ENTRY: magic=0x2BAD0053 addr=0x00010000
ENTRY_RAW_ADDR=0x00010000
INTERRUPTS OK
MEMORY OK
PAGING OK
LFB RAW TEST: trying 0x00300000
S!ENTRY: magic=0x2BAD0053 addr=0x00010000
ENTRY_RAW_ADDR=0x00010000
INTERRUPTS OK
MEMORY OK
PAGING OK
LFB RAW TEST: trying 0x00300000
S!ENTRY: magic=0x2BAD0053 addr=0x00010000
ENTRY_RAW_ADDR=0x00010000
INTERRUPTS OK
MEMORY OK
PAGING OK
LFB RAW TEST: trying 0x00300000
S!ENTRY: magic=0x2BAD0053 addr=0x00010000
ENTRY_RAW_ADDR=0x00010000
INTERRUPTS OK
MEMORY OK
PAGING OK
LFB RAW TEST: trying 0x00300000
S!ENTRY: magic=0x2BAD0053 addr=0x00010000
ENTRY_RAW_ADDR=0x00010000
INTERRUPTS OK
MEMORY OK
PAGING OK
LFB RAW TEST: trying 0x00300000
S!ENTRY: magic=0x2BAD0053 addr=0x00010000
ENTRY_RAW_ADDR=0x00010000
INTERRUPTS OK
MEMORY OK
PAGING OK
LFB RAW TEST: trying 0x00300000
S!ENTRY: magic=0x2BAD0053 addr=0x00010000
ENTRY_RAW_ADDR=0x00010000
INTERRUPTS OK
MEMORY OK
PAGING OK
LFB RAW TEST: trying 0x00300000
S!ENTRY: magic=0x2BAD0053 addr=0x00010000
ENTRY_RAW_ADDR=0x00010000
INTERRUPTS OK
MEMORY OK
PAGING OK
LFB RAW TEST: trying 0x00300000
S!ENTRY: magic=0x2BAD0053 addr=0x00010000
ENTRY_RAW_ADDR=0x00010000
INTERRUPTS OK
MEMORY OK
PAGING OK
LFB RAW TEST: trying 0x00300000
S!ENTRY: magic=0x2BAD0053 addr=0x00010000
ENTRY_RAW_ADDR=0x00010000
INTERRUPTS OK
MEMORY OK
PAGING OK
LFB RAW TEST: trying 0x00300000
S!ENTRY: magic=0x2BAD0053 addr=0x00010000
ENTRY_RAW_ADDR=0x00010000
INTERRUPTS OK
MEMORY OK
PAGING OK
LFB RAW TEST: trying 0x00300000
S!ENTRY: magic=0x2BAD0053 addr=0x00010000
ENTRY_RAW_ADDR=0x00010000
INTERRUPTS OK
MEMORY OK
PAGING OK
LFB RAW TEST: trying 0x00300000
S!ENTRY: magic=0x2BAD0053 addr=0x00010000
ENTRY_RAW_ADDR=0x00010000
INTERRUPTS OK
MEMORY OK
PAGING OK
LFB RAW TEST: trying 0x00300000
